<testsuites id="" name="" tests="0" failures="0" skipped="0" errors="0" time="4.1876999999999995">
</testsuites>